// Jest Snapshot v1, https://goo.gl/fbAQLP

exports[`it should render App should render App 1`] = `
Array [
  <header
    className="main-header"
  >
    <div
      className="main-left-back-area"
    />
    <h1
      className="main-title"
    >
      AQI monitor
    </h1>
    <div
      className="main-utils"
    >
      <button
        className="settings btn"
        type="button"
      >
        <img
          alt="settings icon"
          className="setting-img"
          height="20px"
          src="settings.svg"
          width="20px"
        />
      </button>
    </div>
  </header>,
  <section
    className="citys-state-section"
  >
    <article
      className="ball-triangle-loading"
    >
      <div
        aria-busy={true}
        aria-label="ball-triangle-loading"
        data-testid="ball-triangle-loading"
        role="status"
        style={
          Object {
            "display": "flex",
          }
        }
      >
        <svg
          data-testid="ball-triangle-svg"
          height={100}
          stroke="#fff"
          viewBox="0 0 57 57"
          width={100}
          xmlns="http://www.w3.org/2000/svg"
        >
          <g
            fill="none"
            fillRule="evenodd"
          >
            <g
              strokeWidth="2"
              transform="translate(1 1)"
            >
              <circle
                cx="5"
                cy="50"
                r={5}
              >
                <animate
                  attributeName="cy"
                  begin="0s"
                  calcMode="linear"
                  dur="2.2s"
                  repeatCount="indefinite"
                  values="50;5;50;50"
                />
                <animate
                  attributeName="cx"
                  begin="0s"
                  calcMode="linear"
                  dur="2.2s"
                  repeatCount="indefinite"
                  values="5;27;49;5"
                />
              </circle>
              <circle
                cx="27"
                cy="5"
                r={5}
              >
                <animate
                  attributeName="cy"
                  begin="0s"
                  calcMode="linear"
                  dur="2.2s"
                  from="5"
                  repeatCount="indefinite"
                  to="5"
                  values="5;50;50;5"
                />
                <animate
                  attributeName="cx"
                  begin="0s"
                  calcMode="linear"
                  dur="2.2s"
                  from="27"
                  repeatCount="indefinite"
                  to="27"
                  values="27;49;5;27"
                />
              </circle>
              <circle
                cx="49"
                cy="50"
                r={5}
              >
                <animate
                  attributeName="cy"
                  begin="0s"
                  calcMode="linear"
                  dur="2.2s"
                  repeatCount="indefinite"
                  values="50;50;5;50"
                />
                <animate
                  attributeName="cx"
                  begin="0s"
                  calcMode="linear"
                  dur="2.2s"
                  from="49"
                  repeatCount="indefinite"
                  to="49"
                  values="49;5;27;49"
                />
              </circle>
            </g>
          </g>
        </svg>
      </div>
    </article>
  </section>,
]
`;
